// Vitest Snapshot v1, https://vitest.dev/guide/snapshot.html

exports[`renders correctly 1`] = `
<div
  className="bg-slate-100 p-3 rounded my-2 shadow-md function-root"
>
  <div
    className="flex items-center function-header"
  >
    <p
      className="mr-2 text-md font-bold text-black  "
    >
      constructor
    </p>
    (
    <span
      className="mr-2 text-sm font-normal dark:text-gray-400"
    >
      owner
      :
    </span>
    <span
      className="bg-blue-100 text-blue-800 text-xs font-medium mr-2 px-2.5 py-0.5 rounded dark:bg-blue-900 dark:text-blue-300 tag-blue undefined"
      color="yellow"
    >
      core::felt252
    </span>
    <span
      className="mr-2 text-sm font-normal dark:text-gray-400"
    >
      guardian
      :
    </span>
    <span
      className="bg-blue-100 text-blue-800 text-xs font-medium mr-2 px-2.5 py-0.5 rounded dark:bg-blue-900 dark:text-blue-300 tag-blue undefined"
      color="yellow"
    >
      core::felt252
    </span>
    )
  </div>
  <form
    className="function-form"
    onSubmit={[Function]}
  >
    <div
      className="my-2 w-full px-2 py-1 border-gray-200 border-2 rounded function-form-input-wrapper"
    >
      <label
        className="block mb-2 text-sm font-medium input-label"
        htmlFor="owner"
      >
        owner
        <span
          className="bg-yellow-100 text-yellow-800 text-xs font-medium mr-2 px-2.5 py-0.5 rounded dark:bg-yellow-900 dark:text-yellow-300 tag-yellow input-tag"
          style={
            {
              "marginLeft": "1rem",
            }
          }
        >
          core::felt252
        </span>
      </label>
      <input
        className="w-full bg-gray-50 border border-gray-300 text-gray-900 text-sm rounded-lg focus:ring-blue-500 focus:border-blue-500 block p-2.5 function-form-input"
        id="owner"
        name="owner"
        onChange={[Function]}
        placeholder="owner"
        type="text"
        value=""
      />
      <button
        data-state="closed"
        onBlur={[Function]}
        onClick={[Function]}
        onFocus={[Function]}
        onPointerDown={[Function]}
        onPointerLeave={[Function]}
        onPointerMove={[Function]}
      >
        <p
          className="tooltip-input-final-value"
        />
      </button>
      <p
        className="input-error"
      />
    </div>
    <div
      className="my-2 w-full px-2 py-1 border-gray-200 border-2 rounded function-form-input-wrapper"
    >
      <label
        className="block mb-2 text-sm font-medium input-label"
        htmlFor="guardian"
      >
        guardian
        <span
          className="bg-yellow-100 text-yellow-800 text-xs font-medium mr-2 px-2.5 py-0.5 rounded dark:bg-yellow-900 dark:text-yellow-300 tag-yellow input-tag"
          style={
            {
              "marginLeft": "1rem",
            }
          }
        >
          core::felt252
        </span>
      </label>
      <input
        className="w-full bg-gray-50 border border-gray-300 text-gray-900 text-sm rounded-lg focus:ring-blue-500 focus:border-blue-500 block p-2.5 function-form-input"
        id="guardian"
        name="guardian"
        onChange={[Function]}
        placeholder="guardian"
        type="text"
        value=""
      />
      <button
        data-state="closed"
        onBlur={[Function]}
        onClick={[Function]}
        onFocus={[Function]}
        onPointerDown={[Function]}
        onPointerLeave={[Function]}
        onPointerMove={[Function]}
      >
        <p
          className="tooltip-input-final-value"
        />
      </button>
      <p
        className="input-error"
      />
    </div>
    <button
      className="text-white bg-gradient-to-r from-purple-500 via-purple-600 to-purple-700 hover:bg-gradient-to-br focus:ring-4 focus:outline-none focus:ring-purple-300 dark:focus:ring-purple-800 font-medium rounded-lg text-sm px-5 py-2.5 text-center btn-purple my-2 function-form-submit"
      type="submit"
    >
      Call
    </button>
  </form>
  <div
    className="my-2 function-response"
  />
</div>
`;
